[www.abbottgageinc.com/index.html]
[backblue.gif]
[fade.gif]
[index.html]
[www.abbottgageinc.com/agi_style.css]
[www.abbottgageinc.com/favicon.ico]
[www.abbottgageinc.com/images/nav.jpg]
[www.abbottgageinc.com/index-2.html]
[www.abbottgageinc.com/laboratory.html]
[www.abbottgageinc.com/onsite.html]
[www.abbottgageinc.com/sales.html]
[www.abbottgageinc.com/repairs.html]
[www.abbottgageinc.com/contact-us.html]
[www.abbottgageinc.com/location.html]
[www.abbottgageinc.com/image/mitutoyo_sale_ani.gif]
[www.abbottgageinc.com/documents/womens_business_enterprise_2026.pdf]
[www.abbottgageinc.com/image/womens_business_enterprise.gif]
[www.abbottgageinc.com/documents/woman_owned_small_business_2026.pdf]
[www.abbottgageinc.com/documents/AbbottGage_ISO_PRI_2025.pdf]
[www.abbottgageinc.com/images/PRI_Certification.png]
[www.abbottgageinc.com/logoimages/snapon.gif]
[www.abbottgageinc.com/logoimages/hioki.gif]
[www.abbottgageinc.com/logoimages/ashcroft.gif]
[www.abbottgageinc.com/logoimages/hedland.gif]
[www.abbottgageinc.com/logoimages/starrett.gif]
[www.abbottgageinc.com/logoimages/williams.gif]
[www.abbottgageinc.com/logoimages/gagemaker.gif]
[www.abbottgageinc.com/logoimages/cditorque.gif]
[www.abbottgageinc.com/logoimages/ames.gif]
[www.abbottgageinc.com/logoimages/mit.gif]
[www.abbottgageinc.com/image/flash_repair.gif]
[www.abbottgageinc.com/logoimages/brownsharpe.gif]
[www.abbottgageinc.com/image/flash_caliper_repair.gif]
[www.abbottgageinc.com/logoimages/fowler.gif]
[www.abbottgageinc.com/logoimages/meyergage.gif]
[www.abbottgageinc.com/image/creditcards_2.gif]
[www.abbottgageinc.com/image/abbott_gage_calipers.gif]
[www.abbottgageinc.com/index.html]
[www.abbottgageinc.com/images/bg.jpg]
[www.abbottgageinc.com/images/abbott-gage-inc-header.jpg]
[www.abbottgageinc.com/images/bg_body.jpg]
[www.abbottgageinc.com/images/under_nav.jpg]
[www.abbottgageinc.com/images/side_fade.jpg]
[www.abbottgageinc.com/agi_style.css]
[www.abbottgageinc.com/index-2.html]
[www.abbottgageinc.com/image/micrometer_surface-plate_height-gage.jpg]
[www.abbottgageinc.com/laboratory.html]
[www.abbottgageinc.com/onsite.html]
[www.abbottgageinc.com/sales.html]
[www.abbottgageinc.com/repairs.html]
[www.abbottgageinc.com/contact-us.html]
[www.abbottgageinc.com/images/abbott_gage_location.gif]
[www.abbottgageinc.com/location.html]
